---
source: src/dsl/parse/mod.rs
expression: file
---
File {
    id: FileId(
        0,
    ),
    uses: [],
    items: [
        Definition(
            Definition {
                name: contactor @ 96..105,
                members: [
                    Port(
                        Port {
                            visibility: Public,
                            name: in @ 121..123,
                            label: "IN" @ 128..132,
                            pins: [],
                            span: Span {
                                file: FileId(
                                    0,
                                ),
                                start: 112,
                                end: 133,
                            },
                        },
                    ),
                    Port(
                        Port {
                            visibility: Public,
                            name: out @ 147..150,
                            label: "OUT" @ 154..159,
                            pins: [],
                            span: Span {
                                file: FileId(
                                    0,
                                ),
                                start: 138,
                                end: 160,
                            },
                        },
                    ),
                    Port(
                        Port {
                            visibility: Public,
                            name: coil_p @ 174..180,
                            label: "COIL+" @ 181..188,
                            pins: [],
                            span: Span {
                                file: FileId(
                                    0,
                                ),
                                start: 165,
                                end: 189,
                            },
                        },
                    ),
                    Port(
                        Port {
                            visibility: Public,
                            name: coil_n @ 203..209,
                            label: "COIL-" @ 210..217,
                            pins: [],
                            span: Span {
                                file: FileId(
                                    0,
                                ),
                                start: 194,
                                end: 218,
                            },
                        },
                    ),
                ],
                span: Span {
                    file: FileId(
                        0,
                    ),
                    start: 86,
                    end: 220,
                },
            },
        ),
    ],
    span: Span {
        file: FileId(
            0,
        ),
        start: 86,
        end: 220,
    },
}
