---
source: tests/render_example.rs
assertion_line: 76
expression: model
---
Model {
    components: {
        ComponentId(
            "pack",
        ): Component {
            label: Some(
                "400 V Battery",
            ),
            part_number: Some(
                "Nissan Leaf 40 kWh",
            ),
            connectors: {
                ConnectorId(
                    "hv",
                ): Connector {
                    label: Some(
                        "HV Output",
                    ),
                    part_number: Some(
                        "Amphenol Surlok",
                    ),
                    ports: {
                        PortId(
                            "pos",
                        ): Some(
                            "1",
                        ),
                        PortId(
                            "neg",
                        ): Some(
                            "2",
                        ),
                    },
                },
            },
        },
        ComponentId(
            "contactor",
        ): Component {
            label: Some(
                "Main Contactor",
            ),
            part_number: Some(
                "Gigavac GX14",
            ),
            connectors: {
                ConnectorId(
                    "power",
                ): Connector {
                    label: None,
                    part_number: None,
                    ports: {
                        PortId(
                            "in",
                        ): Some(
                            "A1",
                        ),
                        PortId(
                            "out",
                        ): Some(
                            "A2",
                        ),
                    },
                },
                ConnectorId(
                    "coil",
                ): Connector {
                    label: None,
                    part_number: None,
                    ports: {
                        PortId(
                            "pos",
                        ): Some(
                            "X1",
                        ),
                        PortId(
                            "neg",
                        ): Some(
                            "X2",
                        ),
                    },
                },
            },
        },
        ComponentId(
            "inverter",
        ): Component {
            label: Some(
                "EM57 Inverter",
            ),
            part_number: Some(
                "Nissan Leaf Gen 2",
            ),
            connectors: {
                ConnectorId(
                    "dc",
                ): Connector {
                    label: Some(
                        "HV DC Input",
                    ),
                    part_number: None,
                    ports: {
                        PortId(
                            "pos",
                        ): Some(
                            "B+",
                        ),
                        PortId(
                            "neg",
                        ): Some(
                            "B-",
                        ),
                    },
                },
                ConnectorId(
                    "ac",
                ): Connector {
                    label: Some(
                        "Motor Phases",
                    ),
                    part_number: None,
                    ports: {
                        PortId(
                            "u",
                        ): Some(
                            "U",
                        ),
                        PortId(
                            "v",
                        ): Some(
                            "V",
                        ),
                        PortId(
                            "w",
                        ): Some(
                            "W",
                        ),
                    },
                },
                ConnectorId(
                    "resolver",
                ): Connector {
                    label: Some(
                        "Resolver",
                    ),
                    part_number: None,
                    ports: {
                        PortId(
                            "exc_p",
                        ): Some(
                            "1",
                        ),
                        PortId(
                            "exc_n",
                        ): Some(
                            "2",
                        ),
                        PortId(
                            "sin_p",
                        ): Some(
                            "3",
                        ),
                        PortId(
                            "sin_n",
                        ): Some(
                            "4",
                        ),
                        PortId(
                            "cos_p",
                        ): Some(
                            "5",
                        ),
                        PortId(
                            "cos_n",
                        ): Some(
                            "6",
                        ),
                    },
                },
            },
        },
        ComponentId(
            "motor",
        ): Component {
            label: Some(
                "EM57 Motor",
            ),
            part_number: Some(
                "Nissan Leaf EM57",
            ),
            connectors: {
                ConnectorId(
                    "terminals",
                ): Connector {
                    label: Some(
                        "Phase Terminals",
                    ),
                    part_number: None,
                    ports: {
                        PortId(
                            "u",
                        ): Some(
                            "1",
                        ),
                        PortId(
                            "v",
                        ): Some(
                            "2",
                        ),
                        PortId(
                            "w",
                        ): Some(
                            "3",
                        ),
                    },
                },
                ConnectorId(
                    "resolver",
                ): Connector {
                    label: Some(
                        "Resolver",
                    ),
                    part_number: None,
                    ports: {
                        PortId(
                            "exc_p",
                        ): Some(
                            "1",
                        ),
                        PortId(
                            "exc_n",
                        ): Some(
                            "2",
                        ),
                        PortId(
                            "sin_p",
                        ): Some(
                            "3",
                        ),
                        PortId(
                            "sin_n",
                        ): Some(
                            "4",
                        ),
                        PortId(
                            "cos_p",
                        ): Some(
                            "5",
                        ),
                        PortId(
                            "cos_n",
                        ): Some(
                            "6",
                        ),
                    },
                },
            },
        },
    },
    connections: [
        Connection {
            from: PortRef {
                component: ComponentId(
                    "pack",
                ),
                connector: ConnectorId(
                    "hv",
                ),
                port: PortId(
                    "pos",
                ),
            },
            to: PortRef {
                component: ComponentId(
                    "contactor",
                ),
                connector: ConnectorId(
                    "power",
                ),
                port: PortId(
                    "in",
                ),
            },
        },
        Connection {
            from: PortRef {
                component: ComponentId(
                    "contactor",
                ),
                connector: ConnectorId(
                    "power",
                ),
                port: PortId(
                    "out",
                ),
            },
            to: PortRef {
                component: ComponentId(
                    "inverter",
                ),
                connector: ConnectorId(
                    "dc",
                ),
                port: PortId(
                    "pos",
                ),
            },
        },
        Connection {
            from: PortRef {
                component: ComponentId(
                    "pack",
                ),
                connector: ConnectorId(
                    "hv",
                ),
                port: PortId(
                    "neg",
                ),
            },
            to: PortRef {
                component: ComponentId(
                    "inverter",
                ),
                connector: ConnectorId(
                    "dc",
                ),
                port: PortId(
                    "neg",
                ),
            },
        },
        Connection {
            from: PortRef {
                component: ComponentId(
                    "inverter",
                ),
                connector: ConnectorId(
                    "ac",
                ),
                port: PortId(
                    "u",
                ),
            },
            to: PortRef {
                component: ComponentId(
                    "motor",
                ),
                connector: ConnectorId(
                    "terminals",
                ),
                port: PortId(
                    "u",
                ),
            },
        },
        Connection {
            from: PortRef {
                component: ComponentId(
                    "inverter",
                ),
                connector: ConnectorId(
                    "ac",
                ),
                port: PortId(
                    "v",
                ),
            },
            to: PortRef {
                component: ComponentId(
                    "motor",
                ),
                connector: ConnectorId(
                    "terminals",
                ),
                port: PortId(
                    "v",
                ),
            },
        },
        Connection {
            from: PortRef {
                component: ComponentId(
                    "inverter",
                ),
                connector: ConnectorId(
                    "ac",
                ),
                port: PortId(
                    "w",
                ),
            },
            to: PortRef {
                component: ComponentId(
                    "motor",
                ),
                connector: ConnectorId(
                    "terminals",
                ),
                port: PortId(
                    "w",
                ),
            },
        },
        Connection {
            from: PortRef {
                component: ComponentId(
                    "inverter",
                ),
                connector: ConnectorId(
                    "resolver",
                ),
                port: PortId(
                    "exc_p",
                ),
            },
            to: PortRef {
                component: ComponentId(
                    "motor",
                ),
                connector: ConnectorId(
                    "resolver",
                ),
                port: PortId(
                    "exc_p",
                ),
            },
        },
        Connection {
            from: PortRef {
                component: ComponentId(
                    "inverter",
                ),
                connector: ConnectorId(
                    "resolver",
                ),
                port: PortId(
                    "exc_n",
                ),
            },
            to: PortRef {
                component: ComponentId(
                    "motor",
                ),
                connector: ConnectorId(
                    "resolver",
                ),
                port: PortId(
                    "exc_n",
                ),
            },
        },
        Connection {
            from: PortRef {
                component: ComponentId(
                    "inverter",
                ),
                connector: ConnectorId(
                    "resolver",
                ),
                port: PortId(
                    "sin_p",
                ),
            },
            to: PortRef {
                component: ComponentId(
                    "motor",
                ),
                connector: ConnectorId(
                    "resolver",
                ),
                port: PortId(
                    "sin_p",
                ),
            },
        },
        Connection {
            from: PortRef {
                component: ComponentId(
                    "inverter",
                ),
                connector: ConnectorId(
                    "resolver",
                ),
                port: PortId(
                    "sin_n",
                ),
            },
            to: PortRef {
                component: ComponentId(
                    "motor",
                ),
                connector: ConnectorId(
                    "resolver",
                ),
                port: PortId(
                    "sin_n",
                ),
            },
        },
        Connection {
            from: PortRef {
                component: ComponentId(
                    "inverter",
                ),
                connector: ConnectorId(
                    "resolver",
                ),
                port: PortId(
                    "cos_p",
                ),
            },
            to: PortRef {
                component: ComponentId(
                    "motor",
                ),
                connector: ConnectorId(
                    "resolver",
                ),
                port: PortId(
                    "cos_p",
                ),
            },
        },
        Connection {
            from: PortRef {
                component: ComponentId(
                    "inverter",
                ),
                connector: ConnectorId(
                    "resolver",
                ),
                port: PortId(
                    "cos_n",
                ),
            },
            to: PortRef {
                component: ComponentId(
                    "motor",
                ),
                connector: ConnectorId(
                    "resolver",
                ),
                port: PortId(
                    "cos_n",
                ),
            },
        },
    ],
}
